// Jest Snapshot v1, https://goo.gl/fbAQLP

exports[`GlobalFooterコンポーネントが正しく表示されること 1`] = `
<View
  style={
    Object {
      "backgroundColor": "#F8F8F8",
      "borderColor": "#cbcbcb",
      "borderTopWidth": 0.5,
      "elevation": 3,
      "flexDirection": "row",
      "height": 55,
      "justifyContent": "center",
      "left": 0,
      "paddingBottom": 0,
      "right": 0,
    }
  }
  virtual={undefined}
>
  <View
    style={
      Object {
        "alignSelf": "stretch",
        "backgroundColor": undefined,
        "flex": 1,
        "flexDirection": "row",
        "justifyContent": "space-between",
      }
    }
    virtual={undefined}
  >
    <View
      accessibilityComponentType={undefined}
      accessibilityLabel={undefined}
      accessibilityTraits={undefined}
      accessible={true}
      collapsable={undefined}
      hasTVPreferredFocus={undefined}
      hitSlop={undefined}
      isTVSelectable={true}
      nativeID={undefined}
      onLayout={undefined}
      onResponderGrant={[Function]}
      onResponderMove={[Function]}
      onResponderRelease={[Function]}
      onResponderTerminate={[Function]}
      onResponderTerminationRequest={[Function]}
      onStartShouldSetResponder={[Function]}
      style={
        Object {
          "alignItems": "center",
          "alignSelf": "center",
          "backgroundColor": "transparent",
          "borderBottomWidth": null,
          "borderColor": null,
          "borderLeftWidth": null,
          "borderRadius": 5,
          "borderRightWidth": null,
          "borderTopWidth": null,
          "elevation": 0,
          "flex": 1,
          "flexDirection": "column",
          "height": null,
          "justifyContent": "center",
          "opacity": 1,
          "paddingBottom": 6,
          "paddingTop": 6,
          "shadowColor": null,
          "shadowOffset": null,
          "shadowOpacity": null,
          "shadowRadius": null,
        }
      }
      testID={undefined}
      tvParallaxProperties={undefined}
    >
      <Text
        accessible={true}
        allowFontScaling={false}
        ellipsizeMode="tail"
        style={
          Array [
            Object {
              "color": undefined,
              "fontSize": 12,
            },
            Array [
              Object {
                "color": "#000",
                "fontSize": 30,
              },
              Object {
                "color": "#6b6b6b",
                "fontSize": 24,
                "marginLeft": 16,
                "marginRight": 16,
                "paddingTop": 2,
              },
              Object {
                "color": "#4169e1",
              },
            ],
            Object {
              "fontFamily": "Ionicons",
              "fontStyle": "normal",
              "fontWeight": "normal",
            },
          ]
        }
        virtual={undefined}
      >
        
      </Text>
      <Text
        accessible={true}
        allowFontScaling={true}
        ellipsizeMode="tail"
        style={
          Array [
            Object {
              "backgroundColor": "transparent",
              "color": "#6b6b6b",
              "fontFamily": "System",
              "fontSize": 14,
              "lineHeight": 16,
              "marginLeft": 0,
              "marginRight": 0,
              "paddingLeft": 16,
              "paddingRight": 16,
            },
            Object {
              "color": "#4169e1",
            },
          ]
        }
        uppercase={false}
        virtual={undefined}
      >
        フィード
      </Text>
    </View>
    <View
      accessibilityComponentType={undefined}
      accessibilityLabel={undefined}
      accessibilityTraits={undefined}
      accessible={true}
      collapsable={undefined}
      hasTVPreferredFocus={undefined}
      hitSlop={undefined}
      isTVSelectable={true}
      nativeID={undefined}
      onLayout={undefined}
      onResponderGrant={[Function]}
      onResponderMove={[Function]}
      onResponderRelease={[Function]}
      onResponderTerminate={[Function]}
      onResponderTerminationRequest={[Function]}
      onStartShouldSetResponder={[Function]}
      style={
        Object {
          "alignItems": "center",
          "alignSelf": "center",
          "backgroundColor": "transparent",
          "borderBottomWidth": null,
          "borderColor": null,
          "borderLeftWidth": null,
          "borderRadius": 5,
          "borderRightWidth": null,
          "borderTopWidth": null,
          "elevation": 0,
          "flex": 1,
          "flexDirection": "column",
          "height": null,
          "justifyContent": "center",
          "opacity": 1,
          "paddingBottom": 6,
          "paddingTop": 6,
          "shadowColor": null,
          "shadowOffset": null,
          "shadowOpacity": null,
          "shadowRadius": null,
        }
      }
      testID={undefined}
      tvParallaxProperties={undefined}
    >
      <Text
        accessible={true}
        allowFontScaling={false}
        ellipsizeMode="tail"
        style={
          Array [
            Object {
              "color": undefined,
              "fontSize": 12,
            },
            Array [
              Object {
                "color": "#000",
                "fontSize": 30,
              },
              Object {
                "color": "#6b6b6b",
                "fontSize": 24,
                "marginLeft": 16,
                "marginRight": 16,
                "paddingTop": 2,
              },
              Object {
                "color": "#999999",
              },
            ],
            Object {
              "fontFamily": "Ionicons",
              "fontStyle": "normal",
              "fontWeight": "normal",
            },
          ]
        }
        virtual={undefined}
      >
        
      </Text>
      <Text
        accessible={true}
        allowFontScaling={true}
        ellipsizeMode="tail"
        style={
          Array [
            Object {
              "backgroundColor": "transparent",
              "color": "#6b6b6b",
              "fontFamily": "System",
              "fontSize": 14,
              "lineHeight": 16,
              "marginLeft": 0,
              "marginRight": 0,
              "paddingLeft": 16,
              "paddingRight": 16,
            },
            Object {
              "color": "#999999",
            },
          ]
        }
        uppercase={false}
        virtual={undefined}
      >
        勉強日記
      </Text>
    </View>
    <View
      accessibilityComponentType={undefined}
      accessibilityLabel={undefined}
      accessibilityTraits={undefined}
      accessible={true}
      collapsable={undefined}
      hasTVPreferredFocus={undefined}
      hitSlop={undefined}
      isTVSelectable={true}
      nativeID={undefined}
      onLayout={undefined}
      onResponderGrant={[Function]}
      onResponderMove={[Function]}
      onResponderRelease={[Function]}
      onResponderTerminate={[Function]}
      onResponderTerminationRequest={[Function]}
      onStartShouldSetResponder={[Function]}
      style={
        Object {
          "alignItems": "center",
          "alignSelf": "center",
          "backgroundColor": "transparent",
          "borderBottomWidth": null,
          "borderColor": null,
          "borderLeftWidth": null,
          "borderRadius": 5,
          "borderRightWidth": null,
          "borderTopWidth": null,
          "elevation": 0,
          "flex": 1,
          "flexDirection": "column",
          "height": null,
          "justifyContent": "center",
          "opacity": 1,
          "paddingBottom": 6,
          "paddingTop": 6,
          "shadowColor": null,
          "shadowOffset": null,
          "shadowOpacity": null,
          "shadowRadius": null,
        }
      }
      testID={undefined}
      tvParallaxProperties={undefined}
    >
      <Text
        accessible={true}
        allowFontScaling={false}
        ellipsizeMode="tail"
        style={
          Array [
            Object {
              "color": undefined,
              "fontSize": 12,
            },
            Array [
              Object {
                "color": "#000",
                "fontSize": 30,
              },
              Object {
                "color": "#6b6b6b",
                "fontSize": 24,
                "marginLeft": 16,
                "marginRight": 16,
                "paddingTop": 2,
              },
              Object {
                "color": "#999999",
              },
            ],
            Object {
              "fontFamily": "Ionicons",
              "fontStyle": "normal",
              "fontWeight": "normal",
            },
          ]
        }
        virtual={undefined}
      >
        
      </Text>
      <Text
        accessible={true}
        allowFontScaling={true}
        ellipsizeMode="tail"
        style={
          Array [
            Object {
              "backgroundColor": "transparent",
              "color": "#6b6b6b",
              "fontFamily": "System",
              "fontSize": 14,
              "lineHeight": 16,
              "marginLeft": 0,
              "marginRight": 0,
              "paddingLeft": 16,
              "paddingRight": 16,
            },
            Object {
              "color": "#999999",
            },
          ]
        }
        uppercase={false}
        virtual={undefined}
      >
        達成記録
      </Text>
    </View>
    <View
      accessibilityComponentType={undefined}
      accessibilityLabel={undefined}
      accessibilityTraits={undefined}
      accessible={true}
      collapsable={undefined}
      hasTVPreferredFocus={undefined}
      hitSlop={undefined}
      isTVSelectable={true}
      nativeID={undefined}
      onLayout={undefined}
      onResponderGrant={[Function]}
      onResponderMove={[Function]}
      onResponderRelease={[Function]}
      onResponderTerminate={[Function]}
      onResponderTerminationRequest={[Function]}
      onStartShouldSetResponder={[Function]}
      style={
        Object {
          "alignItems": "center",
          "alignSelf": "center",
          "backgroundColor": "transparent",
          "borderBottomWidth": null,
          "borderColor": null,
          "borderLeftWidth": null,
          "borderRadius": 5,
          "borderRightWidth": null,
          "borderTopWidth": null,
          "elevation": 0,
          "flex": 1,
          "flexDirection": "column",
          "height": null,
          "justifyContent": "center",
          "opacity": 1,
          "paddingBottom": 6,
          "paddingTop": 6,
          "shadowColor": null,
          "shadowOffset": null,
          "shadowOpacity": null,
          "shadowRadius": null,
        }
      }
      testID={undefined}
      tvParallaxProperties={undefined}
    >
      <Text
        accessible={true}
        allowFontScaling={false}
        ellipsizeMode="tail"
        style={
          Array [
            Object {
              "color": undefined,
              "fontSize": 12,
            },
            Array [
              Object {
                "color": "#000",
                "fontSize": 30,
              },
              Object {
                "color": "#6b6b6b",
                "fontSize": 24,
                "marginLeft": 16,
                "marginRight": 16,
                "paddingTop": 2,
              },
              Object {
                "color": "#999999",
              },
            ],
            Object {
              "fontFamily": "Ionicons",
              "fontStyle": "normal",
              "fontWeight": "normal",
            },
          ]
        }
        virtual={undefined}
      >
        
      </Text>
      <Text
        accessible={true}
        allowFontScaling={true}
        ellipsizeMode="tail"
        style={
          Array [
            Object {
              "backgroundColor": "transparent",
              "color": "#6b6b6b",
              "fontFamily": "System",
              "fontSize": 14,
              "lineHeight": 16,
              "marginLeft": 0,
              "marginRight": 0,
              "paddingLeft": 16,
              "paddingRight": 16,
            },
            Object {
              "color": "#999999",
            },
          ]
        }
        uppercase={false}
        virtual={undefined}
      >
        お買い物
      </Text>
    </View>
  </View>
</View>
`;
