// Jest Snapshot v1, https://goo.gl/fbAQLP

exports[`GlobalSideListItemコンポーネントが正しく表示されること 1`] = `
<View
  accessibilityComponentType={undefined}
  accessibilityLabel={undefined}
  accessibilityTraits={undefined}
  accessible={true}
  hasTVPreferredFocus={undefined}
  hitSlop={undefined}
  isTVSelectable={true}
  nativeID={undefined}
  onLayout={undefined}
  onResponderGrant={[Function]}
  onResponderMove={[Function]}
  onResponderRelease={[Function]}
  onResponderTerminate={[Function]}
  onResponderTerminationRequest={[Function]}
  onStartShouldSetResponder={[Function]}
  style={null}
  testID={undefined}
  tvParallaxProperties={undefined}
>
  <View
    onPress={undefined}
    style={
      Array [
        Object {
          "alignItems": "center",
          "backgroundColor": "transparent",
          "borderBottomWidth": 0.5,
          "borderColor": "#c9c9c9",
          "flexDirection": "row",
          "marginLeft": 15,
          "paddingBottom": 13,
          "paddingRight": 15,
          "paddingTop": 13,
        },
        Object {
          "height": 50,
        },
      ]
    }
    virtual={undefined}
  >
    <Text
      accessible={true}
      allowFontScaling={true}
      ellipsizeMode="tail"
      style={
        Array [
          Object {
            "alignSelf": "center",
            "color": "#000",
            "fontFamily": "System",
            "fontSize": 16,
          },
          Object {
            "color": "#555555",
            "fontSize": 12,
            "fontWeight": "bold",
          },
        ]
      }
      uppercase={false}
      virtual={undefined}
    >
      フィード
    </Text>
  </View>
</View>
`;
