// Jest Snapshot v1, https://goo.gl/fbAQLP

exports[`GlobalHeaderコンポーネントが正しく表示されること 1`] = `
<View>
  <View
    hasTabs={true}
    iosBarStyle="light-content"
    style={
      Array [
        Object {
          "backgroundColor": "#F8F8F8",
          "borderBottomColor": "#a7a6ab",
          "borderBottomWidth": null,
          "elevation": 0,
          "flexDirection": "row",
          "height": 64,
          "justifyContent": "center",
          "left": 0,
          "paddingLeft": 10,
          "paddingRight": 10,
          "paddingTop": 15,
          "right": 0,
          "shadowColor": null,
          "shadowOffset": null,
          "shadowOpacity": null,
          "shadowRadius": null,
          "top": 0,
        },
        Object {
          "backgroundColor": "#4169e1",
        },
      ]
    }
    virtual={undefined}
  >
    <View
      style={
        Object {
          "alignItems": "flex-start",
          "alignSelf": "center",
          "flex": 1,
        }
      }
      virtual={undefined}
    >
      <View
        accessibilityComponentType={undefined}
        accessibilityLabel={undefined}
        accessibilityTraits={undefined}
        accessible={true}
        collapsable={undefined}
        hasTVPreferredFocus={undefined}
        hitSlop={undefined}
        isTVSelectable={true}
        nativeID={undefined}
        onLayout={undefined}
        onResponderGrant={[Function]}
        onResponderMove={[Function]}
        onResponderRelease={[Function]}
        onResponderTerminate={[Function]}
        onResponderTerminationRequest={[Function]}
        onStartShouldSetResponder={[Function]}
        style={
          Object {
            "alignItems": "center",
            "alignSelf": null,
            "backgroundColor": "transparent",
            "borderBottomWidth": null,
            "borderColor": null,
            "borderLeftWidth": null,
            "borderRadius": 5,
            "borderRightWidth": null,
            "borderTopWidth": null,
            "elevation": 0,
            "flexDirection": "row",
            "height": 45,
            "justifyContent": "space-between",
            "marginLeft": -3,
            "opacity": 1,
            "paddingBottom": 6,
            "paddingLeft": 6,
            "paddingRight": 6,
            "paddingTop": 6,
            "shadowColor": null,
            "shadowOffset": null,
            "shadowOpacity": null,
            "shadowRadius": null,
          }
        }
        testID={undefined}
        tvParallaxProperties={undefined}
      >
        <Text
          accessible={true}
          allowFontScaling={false}
          ellipsizeMode="tail"
          style={
            Array [
              Object {
                "color": undefined,
                "fontSize": 12,
              },
              Array [
                Object {
                  "color": "#000",
                  "fontSize": 30,
                },
                Object {
                  "color": "#007aff",
                  "fontSize": 33,
                  "marginLeft": 2,
                  "marginRight": 2,
                  "marginTop": 2,
                  "paddingTop": 2,
                },
                Object {
                  "color": "#ffffff",
                },
              ],
              Object {
                "fontFamily": "Ionicons",
                "fontStyle": "normal",
                "fontWeight": "normal",
              },
            ]
          }
          virtual={undefined}
        >
          
        </Text>
      </View>
    </View>
    <View
      style={
        Object {
          "alignItems": "center",
          "alignSelf": "center",
          "flex": 1,
        }
      }
      virtual={undefined}
    >
      <Text
        accessible={true}
        allowFontScaling={true}
        ellipsizeMode="tail"
        numberOfLines={1}
        style={
          Array [
            Object {
              "color": "#000",
              "fontFamily": "System",
              "fontSize": 17,
              "fontWeight": "600",
              "textAlign": "center",
            },
            Object {
              "color": "#ffffff",
            },
          ]
        }
        virtual={undefined}
      >
        フィード
      </Text>
    </View>
    <View
      style={
        Object {
          "alignItems": "flex-end",
          "alignSelf": "center",
          "flex": 1,
          "flexDirection": "row",
          "justifyContent": "flex-end",
        }
      }
      virtual={undefined}
    >
      <View
        accessibilityComponentType={undefined}
        accessibilityLabel={undefined}
        accessibilityTraits={undefined}
        accessible={true}
        collapsable={undefined}
        hasTVPreferredFocus={undefined}
        hitSlop={undefined}
        isTVSelectable={true}
        nativeID={undefined}
        onLayout={undefined}
        onResponderGrant={[Function]}
        onResponderMove={[Function]}
        onResponderRelease={[Function]}
        onResponderTerminate={[Function]}
        onResponderTerminationRequest={[Function]}
        onStartShouldSetResponder={[Function]}
        style={
          Object {
            "alignItems": "center",
            "alignSelf": null,
            "backgroundColor": "transparent",
            "borderBottomWidth": null,
            "borderColor": null,
            "borderLeftWidth": null,
            "borderRadius": 50,
            "borderRightWidth": null,
            "borderTopWidth": null,
            "elevation": 0,
            "flexDirection": "row",
            "height": 45,
            "justifyContent": "space-between",
            "marginRight": -8,
            "opacity": 1,
            "paddingBottom": 6,
            "paddingLeft": 15,
            "paddingRight": 15,
            "paddingTop": 6,
            "shadowColor": null,
            "shadowOffset": null,
            "shadowOpacity": null,
            "shadowRadius": null,
          }
        }
        testID={undefined}
        tvParallaxProperties={undefined}
      >
        <Text
          accessible={true}
          allowFontScaling={false}
          ellipsizeMode="tail"
          style={
            Array [
              Object {
                "color": undefined,
                "fontSize": 12,
              },
              Array [
                Object {
                  "color": "#000",
                  "fontSize": 30,
                },
                Object {
                  "color": "#007aff",
                  "fontSize": 27,
                  "marginLeft": 2,
                  "marginRight": 2,
                  "marginTop": 2,
                  "paddingTop": 2,
                },
                Object {
                  "color": "#ffffff",
                },
              ],
              Object {
                "fontFamily": "Ionicons",
                "fontStyle": "normal",
                "fontWeight": "normal",
              },
            ]
          }
          virtual={undefined}
        >
          
        </Text>
      </View>
    </View>
  </View>
</View>
`;
